
> portfolio@0.0.0 build
> vite build

[36mvite v5.4.21 [32mbuilding for production...[36m[39m
transforming...
[32mΓ£ô[39m 27 modules transformed.
node.exe : 
[31mx[39m Build 
failed in 949ms
At line:1 char:1
+ & "C:\Program Files
\nodejs/node.exe" 
"C:\Program 
Files\nodejs/node_mo 
...
+ ~~~~~~~~~~~~~~~~~~~
~~~~~~~~~~~~~~~~~~~~~
~~~~~~~~~~~~~~~~~~~~~
~~~~~~~~
    + CategoryInfo   
           : NotSpe  
  cified: ([31mx   
 [39m Build faile    
d in 949ms:Strin    
g) [], RemoteExc    
eption
    + FullyQualified 
   ErrorId : Native  
  CommandError
 
[31merror during 
build:
[31mCould not 
resolve 
"../ui/Container" 
from "src/pages/Resum
e.jsx"[31m
file: [36mC:/Dhaya/p
ortfolio/src/pages/Re
sume.jsx[31m
    at 
getRollupError (file:
///C:/Dhaya/portfolio
/node_modules/rollup/
dist/es/shared/parseA
st.js:402:41)
    at error (file://
/C:/Dhaya/portfolio/n
ode_modules/rollup/di
st/es/shared/parseAst
.js:398:42)
    at ModuleLoader.h
andleInvalidResolvedI
d (file:///C:/Dhaya/p
ortfolio/node_modules
/rollup/dist/es/share
d/node-entry.js:21687
:24)
    at file:///C:/Dha
ya/portfolio/node_mod
ules/rollup/dist/es/s
hared/node-entry.js:2
1647:26[39m
